// Jest Snapshot v1, https://goo.gl/fbAQLP

exports[`Test rockets in the MyProfile components The profile page renders correctly 1`] = `
Object {
  "asFragment": [Function],
  "baseElement": <body>
    <div>
      <div
        class="profile-container"
      >
        <div
          class="dragon-container"
        >
          <hr
            class="line"
          />
          <div
            class="myprofile-section"
          >
            <div
              class="dragons-section"
            >
              <h3
                class="mp-dragon-title"
              >
                Dragons
              </h3>
              <p
                class="no-dragons"
              >
                 No Dragons Reserved!
              </p>
              <div
                class="dragon-info"
              />
            </div>
          </div>
        </div>
        <div
          class="rocket-container"
        >
          <h2
            class="rocket-title "
          >
            Rockets
          </h2>
          <p
            class="no-dragons"
          >
             No Rockets Reserved Yet
          </p>
        </div>
      </div>
    </div>
  </body>,
  "container": <div>
    <div
      class="profile-container"
    >
      <div
        class="dragon-container"
      >
        <hr
          class="line"
        />
        <div
          class="myprofile-section"
        >
          <div
            class="dragons-section"
          >
            <h3
              class="mp-dragon-title"
            >
              Dragons
            </h3>
            <p
              class="no-dragons"
            >
               No Dragons Reserved!
            </p>
            <div
              class="dragon-info"
            />
          </div>
        </div>
      </div>
      <div
        class="rocket-container"
      >
        <h2
          class="rocket-title "
        >
          Rockets
        </h2>
        <p
          class="no-dragons"
        >
           No Rockets Reserved Yet
        </p>
      </div>
    </div>
  </div>,
  "debug": [Function],
  "findAllByAltText": [Function],
  "findAllByDisplayValue": [Function],
  "findAllByLabelText": [Function],
  "findAllByPlaceholderText": [Function],
  "findAllByRole": [Function],
  "findAllByTestId": [Function],
  "findAllByText": [Function],
  "findAllByTitle": [Function],
  "findByAltText": [Function],
  "findByDisplayValue": [Function],
  "findByLabelText": [Function],
  "findByPlaceholderText": [Function],
  "findByRole": [Function],
  "findByTestId": [Function],
  "findByText": [Function],
  "findByTitle": [Function],
  "getAllByAltText": [Function],
  "getAllByDisplayValue": [Function],
  "getAllByLabelText": [Function],
  "getAllByPlaceholderText": [Function],
  "getAllByRole": [Function],
  "getAllByTestId": [Function],
  "getAllByText": [Function],
  "getAllByTitle": [Function],
  "getByAltText": [Function],
  "getByDisplayValue": [Function],
  "getByLabelText": [Function],
  "getByPlaceholderText": [Function],
  "getByRole": [Function],
  "getByTestId": [Function],
  "getByText": [Function],
  "getByTitle": [Function],
  "queryAllByAltText": [Function],
  "queryAllByDisplayValue": [Function],
  "queryAllByLabelText": [Function],
  "queryAllByPlaceholderText": [Function],
  "queryAllByRole": [Function],
  "queryAllByTestId": [Function],
  "queryAllByText": [Function],
  "queryAllByTitle": [Function],
  "queryByAltText": [Function],
  "queryByDisplayValue": [Function],
  "queryByLabelText": [Function],
  "queryByPlaceholderText": [Function],
  "queryByRole": [Function],
  "queryByTestId": [Function],
  "queryByText": [Function],
  "queryByTitle": [Function],
  "rerender": [Function],
  "unmount": [Function],
}
`;
